\BOOKMARK [2][]{Outline0.1}{\376\377\000I\000n\000t\000r\000o\000d\000u\000c\000c\000i\000\363\000n}{}% 1
\BOOKMARK [2][]{Outline0.2}{\376\377\000S\000e\000l\000e\000c\000c\000i\000\363\000n\000\040\000d\000e\000\040\000v\000a\000r\000i\000a\000b\000l\000e\000s}{}% 2
\BOOKMARK [2][]{Outline0.3}{\376\377\000L\000e\000a\000k\000a\000g\000e}{}% 3
\BOOKMARK [2][]{Outline0.4}{\376\377\000V\000a\000r\000i\000a\000b\000l\000e\000s\000\040\000n\000u\000m\000\351\000r\000i\000c\000a\000s}{}% 4
\BOOKMARK [2][]{Outline0.5}{\376\377\000S\000t\000a\000n\000d\000a\000r\000d\000S\000c\000a\000l\000e\000r}{}% 5
\BOOKMARK [2][]{Outline0.6}{\376\377\000M\000i\000n\000M\000a\000x\000S\000c\000a\000l\000e\000r}{}% 6
\BOOKMARK [2][]{Outline0.7}{\376\377\000\301\000r\000b\000o\000l\000e\000s\000\040\000y\000\040\000e\000s\000c\000a\000l\000a\000m\000i\000e\000n\000t\000o}{}% 7
\BOOKMARK [2][]{Outline0.8}{\376\377\000V\000a\000r\000i\000a\000b\000l\000e\000s\000\040\000c\000a\000t\000e\000g\000\363\000r\000i\000c\000a\000s}{}% 8
\BOOKMARK [2][]{Outline0.9}{\376\377\000O\000n\000e\000-\000H\000o\000t\000\040\000E\000n\000c\000o\000d\000i\000n\000g}{}% 9
\BOOKMARK [2][]{Outline0.10}{\376\377\000O\000r\000d\000i\000n\000a\000l\000\040\000E\000n\000c\000o\000d\000i\000n\000g}{}% 10
\BOOKMARK [2][]{Outline0.11}{\376\377\000B\000i\000n\000n\000i\000n\000g}{}% 11
\BOOKMARK [2][]{Outline0.12}{\376\377\000T\000r\000a\000n\000s\000f\000o\000r\000m\000a\000c\000i\000\363\000n\000\040\000l\000o\000g\000a\000r\000\355\000t\000m\000i\000c\000a}{}% 12
\BOOKMARK [2][]{Outline0.13}{\376\377\000I\000n\000t\000e\000r\000a\000c\000c\000i\000o\000n\000e\000s}{}% 13
\BOOKMARK [2][]{Outline0.14}{\376\377\000R\000a\000t\000i\000o\000s}{}% 14
\BOOKMARK [2][]{Outline0.15}{\376\377\000P\000o\000l\000y\000n\000o\000m\000i\000a\000l\000\040\000F\000e\000a\000t\000u\000r\000e\000s}{}% 15
\BOOKMARK [2][]{Outline0.16}{\376\377\000V\000a\000r\000i\000a\000b\000l\000e\000s\000\040\000t\000e\000m\000p\000o\000r\000a\000l\000e\000s}{}% 16
\BOOKMARK [2][]{Outline0.17}{\376\377\000P\000r\000e\000p\000r\000o\000c\000e\000s\000s\000i\000n\000g\000\040\000L\000e\000a\000k\000a\000g\000e}{}% 17
\BOOKMARK [2][]{Outline0.18}{\376\377\000C\000o\000l\000u\000m\000n\000T\000r\000a\000n\000s\000f\000o\000r\000m\000e\000r}{}% 18
\BOOKMARK [2][]{Outline0.19}{\376\377\000P\000i\000p\000e\000l\000i\000n\000e}{}% 19
\BOOKMARK [2][]{Outline0.20}{\376\377\000L\000i\000v\000e\000\040\000C\000o\000d\000i\000n\000g}{}% 20
\BOOKMARK [2][]{Outline0.21}{\376\377\000A\000n\000t\000e\000s\000\040\000v\000s\000\040\000d\000e\000s\000p\000u\000\351\000s}{}% 21
\BOOKMARK [2][]{Outline0.22}{\376\377\000F\000e\000a\000t\000u\000r\000e\000\040\000I\000m\000p\000o\000r\000t\000a\000n\000c\000e}{}% 22
\BOOKMARK [2][]{Outline0.23}{\376\377\000F\000e\000a\000t\000u\000r\000e\000\040\000E\000n\000g\000i\000n\000e\000e\000r\000i\000n\000g\000\040\000C\000h\000a\000l\000l\000e\000n\000g\000e}{}% 23
\BOOKMARK [2][]{Outline0.24}{\376\377\000E\000r\000r\000o\000r\000e\000s\000\040\000c\000o\000m\000u\000n\000e\000s}{}% 24
\BOOKMARK [2][]{Outline0.25}{\376\377\000P\000i\000p\000e\000l\000i\000n\000e\000\040\000c\000o\000n\000c\000e\000p\000t\000u\000a\000l}{}% 25
\BOOKMARK [2][]{Outline0.26}{\376\377\000H\000e\000r\000r\000a\000m\000i\000e\000n\000t\000a\000s}{}% 26
\BOOKMARK [2][]{Outline0.27}{\376\377\000I\000d\000e\000a\000s\000\040\000c\000l\000a\000v\000e}{}% 27
\BOOKMARK [2][]{Outline0.28}{\376\377\000P\000r\000e\000g\000u\000n\000t\000a\000\040\000f\000i\000n\000a\000l}{}% 28
\BOOKMARK [2][]{Outline0.29}{\376\377\000P\000u\000e\000n\000t\000e\000\040\000a\000\040\000R\000e\000g\000r\000e\000s\000i\000\363\000n}{}% 29
