\BOOKMARK [2][]{Outline0.1}{\376\377\000I\000n\000t\000r\000o\000d\000u\000c\000c\000i\000\363\000n}{}% 1
\BOOKMARK [2][]{Outline0.2}{\376\377\000D\000e\000s\000c\000r\000i\000p\000t\000i\000v\000a\000\040\000e\000\040\000i\000n\000f\000e\000r\000e\000n\000c\000i\000a\000l}{}% 2
\BOOKMARK [2][]{Outline0.3}{\376\377\000P\000o\000b\000l\000a\000c\000i\000\363\000n\000\040\000y\000\040\000m\000u\000e\000s\000t\000r\000a}{}% 3
\BOOKMARK [2][]{Outline0.4}{\376\377\000S\000e\000s\000g\000o\000\040\000d\000e\000\040\000m\000u\000e\000s\000t\000r\000e\000o}{}% 4
\BOOKMARK [2][]{Outline0.5}{\376\377\000T\000e\000n\000d\000e\000n\000c\000i\000a\000\040\000c\000e\000n\000t\000r\000a\000l}{}% 5
\BOOKMARK [2][]{Outline0.6}{\376\377\000D\000i\000s\000p\000e\000r\000s\000i\000\363\000n}{}% 6
\BOOKMARK [2][]{Outline0.7}{\376\377\000P\000e\000r\000c\000e\000n\000t\000i\000l\000e\000s}{}% 7
\BOOKMARK [2][]{Outline0.8}{\376\377\000D\000i\000s\000t\000r\000i\000b\000u\000c\000i\000o\000n\000e\000s}{}% 8
\BOOKMARK [2][]{Outline0.9}{\376\377\000D\000i\000s\000t\000r\000i\000b\000u\000c\000i\000\363\000n\000\040\000n\000o\000r\000m\000a\000l}{}% 9
\BOOKMARK [2][]{Outline0.10}{\376\377\000Z\000-\000s\000c\000o\000r\000e}{}% 10
\BOOKMARK [2][]{Outline0.11}{\376\377\000D\000i\000s\000t\000r\000i\000b\000u\000c\000i\000o\000n\000e\000s\000\040\000s\000e\000s\000g\000a\000d\000a\000s}{}% 11
\BOOKMARK [2][]{Outline0.12}{\376\377\000M\000u\000e\000s\000t\000r\000e\000o}{}% 12
\BOOKMARK [2][]{Outline0.13}{\376\377\000L\000e\000y\000\040\000d\000e\000\040\000l\000o\000s\000\040\000G\000r\000a\000n\000d\000e\000s\000\040\000N\000\372\000m\000e\000r\000o\000s}{}% 13
\BOOKMARK [2][]{Outline0.14}{\376\377\000T\000e\000o\000r\000e\000m\000a\000\040\000C\000e\000n\000t\000r\000a\000l\000\040\000d\000e\000l\000\040\000L\000\355\000m\000i\000t\000e}{}% 14
\BOOKMARK [2][]{Outline0.15}{\376\377\000E\000r\000r\000o\000r\000\040\000e\000s\000t\000\341\000n\000d\000a\000r}{}% 15
\BOOKMARK [2][]{Outline0.16}{\376\377\000I\000n\000t\000e\000r\000v\000a\000l\000o\000s\000\040\000d\000e\000\040\000c\000o\000n\000f\000i\000a\000n\000z\000a}{}% 16
\BOOKMARK [2][]{Outline0.17}{\376\377\000H\000i\000p\000\363\000t\000e\000s\000i\000s\000\040\000e\000s\000t\000a\000d\000\355\000s\000t\000i\000c\000a\000s}{}% 17
\BOOKMARK [2][]{Outline0.18}{\376\377\000V\000a\000l\000o\000r\000\040\000p}{}% 18
\BOOKMARK [2][]{Outline0.19}{\376\377\000E\000r\000r\000o\000r\000e\000s\000\040\000e\000s\000t\000a\000d\000\355\000s\000t\000i\000c\000o\000s}{}% 19
\BOOKMARK [2][]{Outline0.20}{\376\377\000S\000i\000g\000n\000i\000f\000i\000c\000a\000n\000c\000i\000a\000\040\000p\000r\000\341\000c\000t\000i\000c\000a}{}% 20
\BOOKMARK [2][]{Outline0.21}{\376\377\000L\000i\000v\000e\000\040\000C\000o\000d\000i\000n\000g}{}% 21
\BOOKMARK [2][]{Outline0.22}{\376\377\000T\000a\000m\000a\000\361\000o\000\040\000d\000e\000l\000\040\000e\000f\000e\000c\000t\000o}{}% 22
\BOOKMARK [2][]{Outline0.23}{\376\377\000C\000o\000r\000r\000e\000l\000a\000c\000i\000\363\000n}{}% 23
\BOOKMARK [2][]{Outline0.24}{\376\377\000S\000t\000a\000t\000i\000s\000t\000i\000c\000a\000l\000\040\000D\000e\000t\000e\000c\000t\000i\000v\000e\000\040\000C\000h\000a\000l\000l\000e\000n\000g\000e}{}% 24
\BOOKMARK [2][]{Outline0.25}{\376\377\000E\000r\000r\000o\000r\000e\000s\000\040\000c\000o\000m\000u\000n\000e\000s}{}% 25
\BOOKMARK [2][]{Outline0.26}{\376\377\000P\000i\000p\000e\000l\000i\000n\000e\000\040\000e\000s\000t\000a\000d\000\355\000s\000t\000i\000c\000o}{}% 26
\BOOKMARK [2][]{Outline0.27}{\376\377\000H\000e\000r\000r\000a\000m\000i\000e\000n\000t\000a\000s}{}% 27
\BOOKMARK [2][]{Outline0.28}{\376\377\000I\000d\000e\000a\000s\000\040\000c\000l\000a\000v\000e}{}% 28
\BOOKMARK [2][]{Outline0.29}{\376\377\000V\000o\000l\000v\000a\000m\000o\000s\000\040\000a\000l\000\040\000p\000r\000o\000b\000l\000e\000m\000a}{}% 29
\BOOKMARK [2][]{Outline0.30}{\376\377\000P\000u\000e\000n\000t\000e\000\040\000a\000\040\000S\000e\000r\000i\000e\000s\000\040\000T\000e\000m\000p\000o\000r\000a\000l\000e\000s}{}% 30
